// Jest Snapshot v1, https://goo.gl/fbAQLP

exports[`@wdio/sync should transform browser commands 1`] = `
"\\"use strict\\";

describe('webdriver.io page', () => {
  it('should have the right title', async () => {
    await browser.url('https://webdriver.io');
    const title = await browser.getTitle();
  });
});

"
`;
